2026-01-01 10:26:21.102 +02:00 [INF] === Step4_ApplyMediaRenameMap Started ===
2026-01-01 10:26:21.132 +02:00 [INF] Using S3Url: https://s3.us-east-1.amazonaws.com/beta-qms.nagwa.com
2026-01-01 10:26:21.136 +02:00 [INF] Copying question folders from Step3_OUTPUT to Step4_OUTPUT...
2026-01-01 10:26:21.175 +02:00 [INF] Copied 10 question folders to Step4_OUTPUT
2026-01-01 10:26:21.263 +02:00 [INF] Read 51 records from CSV file: E:\ContentMigrationPipelineOutput\Step3_OUTPUT\questions_rename_map.csv
2026-01-01 10:26:21.266 +02:00 [INF] Loaded 51 rename rows
2026-01-01 10:26:21.269 +02:00 [INF] Found 10 question folders in Step4_OUTPUT
2026-01-01 10:26:21.271 +02:00 [INF] Filtered to 12 records with Status='Mapped' and Source='JSON' (out of 51 total). 39 non-Mapped records will be included in output.
2026-01-01 10:26:21.275 +02:00 [INF] Creating Updated folders for all questions...
2026-01-01 10:26:21.398 +02:00 [INF] Created Updated folders for all questions
2026-01-01 10:26:21.436 +02:00 [INF] Added 39 non-Mapped records to output CSV
2026-01-01 10:26:21.440 +02:00 [INF] Flushing 51 log records to database for step Step4_ApplyMediaRenameMap
2026-01-01 10:26:23.192 +02:00 [INF] Inserted 51 records into lookup.content_migration_steps in 1 batches
2026-01-01 10:26:23.199 +02:00 [INF] Successfully logged 51 records to database for step Step4_ApplyMediaRenameMap
2026-01-01 10:26:23.200 +02:00 [INF] Successfully flushed all log records to database
2026-01-01 10:26:23.243 +02:00 [INF] Wrote 51 records to CSV file: E:\ContentMigrationPipelineOutput\Step4_OUTPUT\questions_updated_sheet.csv
2026-01-01 10:26:23.245 +02:00 [INF] Wrote updated CSV with 51 rows
2026-01-01 10:26:23.247 +02:00 [INF] === Processing Summary ===
2026-01-01 10:26:23.248 +02:00 [INF] Start Time: "2026-01-01T10:26:21.0222980+02:00" ("2026-01-01T08:26:21.0222980Z" UTC)
2026-01-01 10:26:23.252 +02:00 [INF] End Time: "2026-01-01T10:26:23.2483982+02:00" ("2026-01-01T08:26:23.2483982Z" UTC)
2026-01-01 10:26:23.254 +02:00 [INF] Duration: "00:00:02.2261002"
2026-01-01 10:26:23.259 +02:00 [INF] Total Processed: 4
2026-01-01 10:26:23.261 +02:00 [INF] Total Succeeded: 4
2026-01-01 10:26:23.262 +02:00 [INF] Total Failed: 0
2026-01-01 10:26:23.264 +02:00 [INF] Success Rate: 100.00 %
2026-01-01 10:26:23.270 +02:00 [INF] === End Summary ===
2026-01-01 10:26:23.271 +02:00 [INF] Step 4 completed successfully
2026-01-01 10:26:23.272 +02:00 [INF] === Step4_ApplyMediaRenameMap Finished ===
