2026-01-01 10:29:05.243 +02:00 [INF] === Step4_ApplyMediaRenameMap Started ===
2026-01-01 10:29:05.275 +02:00 [INF] Using S3Url: https://s3.us-east-1.amazonaws.com/beta-qms.nagwa.com
2026-01-01 10:29:05.279 +02:00 [INF] Copying question folders from Step3_OUTPUT to Step4_OUTPUT...
2026-01-01 10:29:05.507 +02:00 [INF] Copied 58 question folders to Step4_OUTPUT
2026-01-01 10:29:05.600 +02:00 [INF] Read 330 records from CSV file: E:\ContentMigrationPipelineOutput\Step3_OUTPUT\questions_rename_map.csv
2026-01-01 10:29:05.602 +02:00 [INF] Loaded 330 rename rows
2026-01-01 10:29:05.606 +02:00 [INF] Found 58 question folders in Step4_OUTPUT
2026-01-01 10:29:05.610 +02:00 [INF] Filtered to 80 records with Status='Mapped' and Source='JSON' (out of 330 total). 250 non-Mapped records will be included in output.
2026-01-01 10:29:05.613 +02:00 [INF] Creating Updated folders for all questions...
2026-01-01 10:29:05.988 +02:00 [INF] Created Updated folders for all questions
2026-01-01 10:29:06.100 +02:00 [INF] Added 250 non-Mapped records to output CSV
2026-01-01 10:29:06.103 +02:00 [INF] Flushing 330 log records to database for step Step4_ApplyMediaRenameMap
2026-01-01 10:29:08.473 +02:00 [INF] Inserted 330 records into lookup.content_migration_steps in 1 batches
2026-01-01 10:29:08.480 +02:00 [INF] Successfully logged 330 records to database for step Step4_ApplyMediaRenameMap
2026-01-01 10:29:08.481 +02:00 [INF] Successfully flushed all log records to database
2026-01-01 10:29:08.529 +02:00 [INF] Wrote 330 records to CSV file: E:\ContentMigrationPipelineOutput\Step4_OUTPUT\questions_updated_sheet.csv
2026-01-01 10:29:08.531 +02:00 [INF] Wrote updated CSV with 330 rows
2026-01-01 10:29:08.533 +02:00 [INF] === Processing Summary ===
2026-01-01 10:29:08.535 +02:00 [INF] Start Time: "2026-01-01T10:29:05.1889988+02:00" ("2026-01-01T08:29:05.1889988Z" UTC)
2026-01-01 10:29:08.538 +02:00 [INF] End Time: "2026-01-01T10:29:08.5346101+02:00" ("2026-01-01T08:29:08.5346101Z" UTC)
2026-01-01 10:29:08.540 +02:00 [INF] Duration: "00:00:03.3456113"
2026-01-01 10:29:08.546 +02:00 [INF] Total Processed: 53
2026-01-01 10:29:08.547 +02:00 [INF] Total Succeeded: 53
2026-01-01 10:29:08.548 +02:00 [INF] Total Failed: 0
2026-01-01 10:29:08.550 +02:00 [INF] Success Rate: 100.00 %
2026-01-01 10:29:08.554 +02:00 [INF] === End Summary ===
2026-01-01 10:29:08.556 +02:00 [INF] Step 4 completed successfully
2026-01-01 10:29:08.557 +02:00 [INF] === Step4_ApplyMediaRenameMap Finished ===
