================================================================================
JSON CONVERSION LOG
================================================================================

Generated: 2025-12-30 11:27:10

SUMMARY
--------------------------------------------------------------------------------
Total files processed: 216
Successfully converted: 214
Pre-validation failed: 2
Conversion failed: 0
Post-validation failed: 0
Total failed: 2
Total warnings: 0
Success rate: 99.07%

================================================================================
ERRORS
================================================================================

File: 379160871817.json
Question ID: 379160871817
Error Type: Pre-Conversion Validation
Message: Part 1 (input_box): Fraction values (containing '/' or '⁄') are not supported. Value: '120/80'
Timestamp: 2025-12-30 11:27:09
--------------------------------------------------------------------------------

File: 545180425816.json
Question ID: 545180425816
Error Type: Pre-Conversion Validation
Message: Part 1 (input_box): Fraction values (containing '/' or '⁄') are not supported. Value: '120/80'
Timestamp: 2025-12-30 11:27:10
--------------------------------------------------------------------------------

