================================================================================
STEP5 JSON CLEANING + CONVERSION WORKFLOW
================================================================================
Step4_INPUT: Step4_OUTPUT
Step5_OUTPUT: Step5_OUTPUT
Log file: Step5_OUTPUT/Step5_JsonCleaningAndConversion_20260105_120205513.log
Step5 folder emptied: Step5_OUTPUT
Copying Step4 -> Step5 (excluding *.log): Step4_OUTPUT -> Step5_OUTPUT
Reading CSV: Step5_OUTPUT/questions_updated_sheet.csv
Deduped questions_updated_sheet.csv to 58 unique QuestionId rows
Loaded HTML cleaner from: SIDE_TOOLS/jsons_htmltags_cleaning/clean_json_html.py
Processing 58 questions...
FAILED  [183179603159]: Pre-Conversion Validation - Part 1 (mcq): Must have at most 4 choices, found 5 as country is Egypt | Part 2 (mcq): Must have at most 4 choices, found 5 as country is Egypt
FAILED  [212192398218]: Pre-Conversion Validation - Part 1 (mcq): Must have at most 4 choices, found 5 as country is Egypt
FAILED  [437185427604]: Pre-Conversion Validation - Part 1 (mcq): Must have at most 4 choices, found 5 as country is Egypt
FAILED  [598180962904]: Pre-Conversion Validation - Part 1 (mcq): Must have at most 4 choices, found 5 as country is Egypt
FAILED  [613194510486]: Pre-Conversion Validation - Part 1 (mcq): Must have at most 4 choices, found 5 as country is Egypt
FAILED  [726149410963]: Pre-Conversion Validation - Part 1 (mcq): Must have at most 4 choices, found 5 as country is Egypt
FAILED  [850134768476]: Pre-Conversion Validation - Part 1 (mcq): Must have at most 4 choices, found 5 as country is Egypt
FAILED  [950150579607]: Pre-Conversion Validation - Part 1 (mcq): Must have at most 4 choices, found 5 as country is Egypt
FAILED  [975124503470]: Pre-Conversion Validation - Part 1 (mcq): Must have at most 4 choices, found 5 as country is Egypt
Progress: 58/58 (success=49, failed=9)
Writing updated CSV (one row per QuestionId): Step5_OUTPUT/questions_updated_sheet.csv

================================================================================
WORKFLOW SUMMARY
================================================================================
Total questions: 58
Success:         49
Failed:          9
================================================================================
Some questions failed. Check the CSV columns and the log for details.
